     62 
     31 --param=ssp-buffer-size=1
     62 -DBUILDING_WOLFSSL
     31 -DECC_SHAMIR
     31 -DECC_TIMING_RESISTANT
     31 -DHAVE_AESGCM
     31 -DHAVE_CHACHA
     31 -DHAVE_CONFIG_H
     31 -DHAVE_ECC
     31 -DHAVE_EXTENDED_MASTER
     31 -DHAVE_HASHDRBG
     31 -DHAVE_ONE_TIME_AUTH
     31 -DHAVE_POLY1305
     31 -DHAVE_SUPPORTED_CURVES
     31 -DHAVE_THREAD_LS
     31 -DHAVE_TLS_EXTENSIONS
     31 -DHAVE___UINT128_T
     31 -DNDEBUG
     31 -DNO_DES3
     31 -DNO_DSA
     31 -DNO_HC128
     31 -DNO_MD4
     31 -DNO_PSK
     31 -DNO_PWDBASED
     31 -DNO_RABBIT
     31 -DNO_RC4
     31 -DPIC
     31 -DTFM_ECC256
     31 -DTFM_TIMING_RESISTANT
     31 -DUSE_FAST_MATH
     31 -DWC_NO_ASYNC_THREADING
     31 -DWC_RSA_BLINDING
     31 -DWOLFSSL_BASE64_ENCODE
     31 -DWOLFSSL_SHA224
     31 -DWOLFSSL_SHA3
     31 -DWOLFSSL_SHA384
     31 -DWOLFSSL_SHA512
     31 -DWOLFSSL_X86_64_BUILD
     31 -D_POSIX_THREADS
     31 -I.
     31 -MD
     31 -MF
     31 -MP
     31 -MT
     31 -O2
     31 -Waddress
     62 -Wall
     31 -Warray-bounds
     31 -Wbad-function-cast
     31 -Wchar-subscripts
     31 -Wcomment
     31 -Werror
     31 -Wextra
     31 -Wfloat-equal
     31 -Wformat-security
     31 -Wformat=2
     31 -Wmaybe-uninitialized
     31 -Wmissing-field-initializers
     31 -Wmissing-noreturn
     31 -Wmissing-prototypes
     31 -Wnested-externs
     31 -Wno-pragmas
     31 -Wno-strict-aliasing
     31 -Wno-unused
     31 -Wnormalized=id
     31 -Woverride-init
     31 -Wpointer-arith
     31 -Wpointer-sign
     31 -Wredundant-decls
     31 -Wshadow
     31 -Wsign-compare
     31 -Wstrict-overflow=1
     31 -Wswitch-enum
     31 -Wundef
     31 -Wunknown-pragmas
     31 -Wunused
     31 -Wunused-result
     31 -Wunused-variable
     31 -Wwrite-strings
     31 -c
     31 -fPIC
     31 -fomit-frame-pointer
     62 -fvisibility=hidden
     31 -fwrapv
     31 -o
     31 -pthread
     31 compile:
     31 gcc
     31 libtool:
      1 src/.deps/src_libwolfssl_la-internal.Tpo
      1 src/.deps/src_libwolfssl_la-io.Tpo
      1 src/.deps/src_libwolfssl_la-keys.Tpo
      1 src/.deps/src_libwolfssl_la-ssl.Tpo
      1 src/.deps/src_libwolfssl_la-tls.Tpo
      1 src/.deps/src_libwolfssl_la-tls13.Tpo
      1 src/.libs/src_libwolfssl_la-internal.o
      1 src/.libs/src_libwolfssl_la-io.o
      1 src/.libs/src_libwolfssl_la-keys.o
      1 src/.libs/src_libwolfssl_la-ssl.o
      1 src/.libs/src_libwolfssl_la-tls.o
      1 src/.libs/src_libwolfssl_la-tls13.o
      1 src/internal.c
      1 src/io.c
      1 src/keys.c
      1 src/src_libwolfssl_la-internal.lo
      1 src/src_libwolfssl_la-io.lo
      1 src/src_libwolfssl_la-keys.lo
      1 src/src_libwolfssl_la-ssl.lo
      1 src/src_libwolfssl_la-tls.lo
      1 src/src_libwolfssl_la-tls13.lo
      1 src/ssl.c
      1 src/tls.c
      1 src/tls13.c
      1 wolfcrypt/src/.deps/src_libwolfssl_la-aes.Tpo
      1 wolfcrypt/src/.deps/src_libwolfssl_la-asn.Tpo
      1 wolfcrypt/src/.deps/src_libwolfssl_la-chacha.Tpo
      1 wolfcrypt/src/.deps/src_libwolfssl_la-chacha20_poly1305.Tpo
      1 wolfcrypt/src/.deps/src_libwolfssl_la-coding.Tpo
      1 wolfcrypt/src/.deps/src_libwolfssl_la-dh.Tpo
      1 wolfcrypt/src/.deps/src_libwolfssl_la-ecc.Tpo
      1 wolfcrypt/src/.deps/src_libwolfssl_la-error.Tpo
      1 wolfcrypt/src/.deps/src_libwolfssl_la-hash.Tpo
      1 wolfcrypt/src/.deps/src_libwolfssl_la-hmac.Tpo
      1 wolfcrypt/src/.deps/src_libwolfssl_la-logging.Tpo
      1 wolfcrypt/src/.deps/src_libwolfssl_la-md5.Tpo
      1 wolfcrypt/src/.deps/src_libwolfssl_la-memory.Tpo
      1 wolfcrypt/src/.deps/src_libwolfssl_la-poly1305.Tpo
      1 wolfcrypt/src/.deps/src_libwolfssl_la-random.Tpo
      1 wolfcrypt/src/.deps/src_libwolfssl_la-rsa.Tpo
      1 wolfcrypt/src/.deps/src_libwolfssl_la-sha.Tpo
      1 wolfcrypt/src/.deps/src_libwolfssl_la-sha256.Tpo
      1 wolfcrypt/src/.deps/src_libwolfssl_la-sha3.Tpo
      1 wolfcrypt/src/.deps/src_libwolfssl_la-sha512.Tpo
      1 wolfcrypt/src/.deps/src_libwolfssl_la-signature.Tpo
      1 wolfcrypt/src/.deps/src_libwolfssl_la-tfm.Tpo
      1 wolfcrypt/src/.deps/src_libwolfssl_la-wc_encrypt.Tpo
      1 wolfcrypt/src/.deps/src_libwolfssl_la-wc_port.Tpo
      1 wolfcrypt/src/.deps/src_libwolfssl_la-wolfmath.Tpo
      1 wolfcrypt/src/.libs/src_libwolfssl_la-aes.o
      1 wolfcrypt/src/.libs/src_libwolfssl_la-asn.o
      1 wolfcrypt/src/.libs/src_libwolfssl_la-chacha.o
      1 wolfcrypt/src/.libs/src_libwolfssl_la-chacha20_poly1305.o
      1 wolfcrypt/src/.libs/src_libwolfssl_la-coding.o
      1 wolfcrypt/src/.libs/src_libwolfssl_la-dh.o
      1 wolfcrypt/src/.libs/src_libwolfssl_la-ecc.o
      1 wolfcrypt/src/.libs/src_libwolfssl_la-error.o
      1 wolfcrypt/src/.libs/src_libwolfssl_la-hash.o
      1 wolfcrypt/src/.libs/src_libwolfssl_la-hmac.o
      1 wolfcrypt/src/.libs/src_libwolfssl_la-logging.o
      1 wolfcrypt/src/.libs/src_libwolfssl_la-md5.o
      1 wolfcrypt/src/.libs/src_libwolfssl_la-memory.o
      1 wolfcrypt/src/.libs/src_libwolfssl_la-poly1305.o
      1 wolfcrypt/src/.libs/src_libwolfssl_la-random.o
      1 wolfcrypt/src/.libs/src_libwolfssl_la-rsa.o
      1 wolfcrypt/src/.libs/src_libwolfssl_la-sha.o
      1 wolfcrypt/src/.libs/src_libwolfssl_la-sha256.o
      1 wolfcrypt/src/.libs/src_libwolfssl_la-sha3.o
      1 wolfcrypt/src/.libs/src_libwolfssl_la-sha512.o
      1 wolfcrypt/src/.libs/src_libwolfssl_la-signature.o
      1 wolfcrypt/src/.libs/src_libwolfssl_la-tfm.o
      1 wolfcrypt/src/.libs/src_libwolfssl_la-wc_encrypt.o
      1 wolfcrypt/src/.libs/src_libwolfssl_la-wc_port.o
      1 wolfcrypt/src/.libs/src_libwolfssl_la-wolfmath.o
      1 wolfcrypt/src/aes.c
      1 wolfcrypt/src/asn.c
      1 wolfcrypt/src/chacha.c
      1 wolfcrypt/src/chacha20_poly1305.c
      1 wolfcrypt/src/coding.c
      1 wolfcrypt/src/dh.c
      1 wolfcrypt/src/ecc.c
      1 wolfcrypt/src/error.c
      1 wolfcrypt/src/hash.c
      1 wolfcrypt/src/hmac.c
      1 wolfcrypt/src/logging.c
      1 wolfcrypt/src/md5.c
      1 wolfcrypt/src/memory.c
      1 wolfcrypt/src/poly1305.c
      1 wolfcrypt/src/random.c
      1 wolfcrypt/src/rsa.c
      1 wolfcrypt/src/sha.c
      1 wolfcrypt/src/sha256.c
      1 wolfcrypt/src/sha3.c
      1 wolfcrypt/src/sha512.c
      1 wolfcrypt/src/signature.c
      1 wolfcrypt/src/src_libwolfssl_la-aes.lo
      1 wolfcrypt/src/src_libwolfssl_la-asn.lo
      1 wolfcrypt/src/src_libwolfssl_la-chacha.lo
      1 wolfcrypt/src/src_libwolfssl_la-chacha20_poly1305.lo
      1 wolfcrypt/src/src_libwolfssl_la-coding.lo
      1 wolfcrypt/src/src_libwolfssl_la-dh.lo
      1 wolfcrypt/src/src_libwolfssl_la-ecc.lo
      1 wolfcrypt/src/src_libwolfssl_la-error.lo
      1 wolfcrypt/src/src_libwolfssl_la-hash.lo
      1 wolfcrypt/src/src_libwolfssl_la-hmac.lo
      1 wolfcrypt/src/src_libwolfssl_la-logging.lo
      1 wolfcrypt/src/src_libwolfssl_la-md5.lo
      1 wolfcrypt/src/src_libwolfssl_la-memory.lo
      1 wolfcrypt/src/src_libwolfssl_la-poly1305.lo
      1 wolfcrypt/src/src_libwolfssl_la-random.lo
      1 wolfcrypt/src/src_libwolfssl_la-rsa.lo
      1 wolfcrypt/src/src_libwolfssl_la-sha.lo
      1 wolfcrypt/src/src_libwolfssl_la-sha256.lo
      1 wolfcrypt/src/src_libwolfssl_la-sha3.lo
      1 wolfcrypt/src/src_libwolfssl_la-sha512.lo
      1 wolfcrypt/src/src_libwolfssl_la-signature.lo
      1 wolfcrypt/src/src_libwolfssl_la-tfm.lo
      1 wolfcrypt/src/src_libwolfssl_la-wc_encrypt.lo
      1 wolfcrypt/src/src_libwolfssl_la-wc_port.lo
      1 wolfcrypt/src/src_libwolfssl_la-wolfmath.lo
      1 wolfcrypt/src/tfm.c
      1 wolfcrypt/src/wc_encrypt.c
      1 wolfcrypt/src/wc_port.c
      1 wolfcrypt/src/wolfmath.c
